Erreur 1 : Symbole "identificateur" attendu

Analyse terminÃ©e - 1 erreur(s)
