Erreur dans l'analyse statique : Variable 'a' déclarée mais non affectée et non utilisée
