Erreur dans l'analyse statique : Variable 'a' déclarée, utilisée mais non affectée
