Erreur dans l'analyse statique : Variable 'b' déclarée, affecté mais non utilisée
