Erreur lors de l'ouverture du fichier ou fichier inexistant
