Erreur dans l'analyse statique : Constante 'n' ne pas pas être modifiée
